src/app.ts(92,23): error TS7030: Not all code paths return a value.
src/app.ts(94,14): error TS18046: 'error' is of type 'unknown'.
src/app.ts(95,14): error TS18046: 'error' is of type 'unknown'.
src/app.ts(102,9): error TS18046: 'error' is of type 'unknown'.
src/app.ts(112,9): error TS18046: 'error' is of type 'unknown'.
src/app.ts(118,20): error TS18046: 'error' is of type 'unknown'.
src/app.ts(124,18): error TS18046: 'error' is of type 'unknown'.
src/app.ts(127,15): error TS18046: 'error' is of type 'unknown'.
src/app.ts(130,13): error TS18046: 'error' is of type 'unknown'.
src/routes/auth.routes.ts(21,6): error TS2345: Argument of type '(request: FastifyRequest<{ Body: ChangePasswordBody; }, RawServerDefault, IncomingMessage, FastifySchema, FastifyTypeProviderDefault, unknown, FastifyBaseLogger, ResolveFastifyRequestType<...>> & AuthRequest, reply: FastifyReply<...>) => Promise<...>' is not assignable to parameter of type 'RouteHandlerMethod<RawServerDefault, IncomingMessage, ServerResponse<IncomingMessage>, RouteGenericInterface, unknown, FastifySchema, FastifyTypeProviderDefault, FastifyBaseLogger>'.
  Types of parameters 'request' and 'request' are incompatible.
    Type 'FastifyRequest<RouteGenericInterface, RawServerDefault, IncomingMessage, FastifySchema, FastifyTypeProviderDefault, unknown, FastifyBaseLogger, ResolveFastifyRequestType<...>>' is not assignable to type 'FastifyRequest<{ Body: ChangePasswordBody; }, RawServerDefault, IncomingMessage, FastifySchema, FastifyTypeProviderDefault, unknown, FastifyBaseLogger, ResolveFastifyRequestType<...>> & AuthRequest'.
      Type 'FastifyRequest<RouteGenericInterface, RawServerDefault, IncomingMessage, FastifySchema, FastifyTypeProviderDefault, unknown, FastifyBaseLogger, ResolveFastifyRequestType<...>>' is not assignable to type 'FastifyRequest<{ Body: ChangePasswordBody; }, RawServerDefault, IncomingMessage, FastifySchema, FastifyTypeProviderDefault, unknown, FastifyBaseLogger, ResolveFastifyRequestType<...>>'.
        Type 'RouteGenericInterface' is not assignable to type '{ Body: ChangePasswordBody; }'.
          Types of property 'Body' are incompatible.
            Type 'unknown' is not assignable to type 'ChangePasswordBody'.
src/routes/podcast.routes.ts(186,7): error TS2353: Object literal may only specify known properties, and 'description' does not exist in type 'FastifySchema'.
src/routes/podcast.routes.ts(195,7): error TS2353: Object literal may only specify known properties, and 'description' does not exist in type 'FastifySchema'.
src/routes/podcast.routes.ts(204,7): error TS2353: Object literal may only specify known properties, and 'description' does not exist in type 'FastifySchema'.
src/routes/podcast.routes.ts(213,7): error TS2353: Object literal may only specify known properties, and 'description' does not exist in type 'FastifySchema'.
src/services/admin.service.ts(180,15): error TS6133: 'response' is declared but its value is never read.
src/services/admin.service.ts(200,15): error TS6133: 'response' is declared but its value is never read.
src/services/admin.service.ts(237,57): error TS18046: 'data' is of type 'unknown'.
src/services/admin.service.ts(237,77): error TS18046: 'data' is of type 'unknown'.
src/services/auth.service.ts(178,16): error TS2769: No overload matches this call.
  Overload 1 of 5, '(payload: string | object | Buffer<ArrayBufferLike>, secretOrPrivateKey: null, options?: (SignOptions & { algorithm: "none"; }) | undefined): string', gave the following error.
    Argument of type 'string' is not assignable to parameter of type 'null'.
  Overload 2 of 5, '(payload: string | object | Buffer<ArrayBufferLike>, secretOrPrivateKey: Buffer<ArrayBufferLike> | Secret | PrivateKeyInput | JsonWebKeyInput, options?: SignOptions | undefined): string', gave the following error.
    Type 'string' is not assignable to type 'number | StringValue | undefined'.
  Overload 3 of 5, '(payload: string | object | Buffer<ArrayBufferLike>, secretOrPrivateKey: Buffer<ArrayBufferLike> | Secret | PrivateKeyInput | JsonWebKeyInput, callback: SignCallback): void', gave the following error.
    Object literal may only specify known properties, and 'expiresIn' does not exist in type 'SignCallback'.
src/services/podcast.service.ts(227,11): error TS2322: Type 'Record<string, unknown>' is not assignable to type 'NullableJsonNullValueInput | InputJsonValue | undefined'.
  Type 'Record<string, unknown>' is missing the following properties from type 'readonly (InputJsonValue | null)[]': length, concat, join, slice, and 20 more.
src/services/podcast.service.ts(248,11): error TS2322: Type 'Record<string, unknown>[]' is not assignable to type 'NullableJsonNullValueInput | InputJsonValue | undefined'.
  Type 'Record<string, unknown>[]' is not assignable to type 'InputJsonObject'.
    Index signature for type 'string' is missing in type 'Record<string, unknown>[]'.
src/services/template.service.ts(413,50): error TS6133: 'match' is declared but its value is never read.
src/services/template.service.ts(423,43): error TS6133: 'match' is declared but its value is never read.
src/services/template.service.ts(433,47): error TS6133: 'match' is declared but its value is never read.
src/services/template.service.ts(535,17): error TS6133: 'key' is declared but its value is never read.
src/services/template.service.ts(553,17): error TS6133: 'key' is declared but its value is never read.
src/services/template.service.ts(587,17): error TS6133: 'key' is declared but its value is never read.
src/services/webex-delivery.service.ts(18,7): error TS6133: 'MAX_RETRIES' is declared but its value is never read.
src/services/webex-delivery.service.ts(19,7): error TS6133: 'RETRY_DELAY_MS' is declared but its value is never read.
src/services/webex-delivery.service.ts(206,5): error TS2322: Type 'unknown' is not assignable to type 'WebexMessageResponse'.
src/services/webex-delivery.service.ts(242,5): error TS2322: Type 'unknown' is not assignable to type 'WebexMessageResponse'.
